******************************************************************************
                  TI ARM Linker PC v18.1.4                     
******************************************************************************
>> Linked Tue Nov 12 20:00:45 2019

OUTPUT FILE NAME:   <MyTiva4Firmware.out>
ENTRY POINT SYMBOL: "_c_int00_noargs"  address: 00000709


MEMORY CONFIGURATION

         name            origin    length      used     unused   attr    fill
----------------------  --------  ---------  --------  --------  ----  --------
  FLASH                 00000000   00040000  00000848  0003f7b8  R  X
  SRAM                  20000000   00008000  0000032d  00007cd3  RW X


SEGMENT ALLOCATION MAP

run origin  load origin   length   init length attrs members
----------  ----------- ---------- ----------- ----- -------
00000000    00000000    00000848   00000848    r-x
  00000000    00000000    0000026c   0000026c    r-- .intvecs
  0000026c    0000026c    00000524   00000524    r-x .text
  00000790    00000790    000000b8   000000b8    r-- .cinit
20000000    20000000    0000032d   00000000    rw-
  20000000    20000000    00000200   00000000    rw- .stack
  20000200    20000200    0000012d   00000000    rw- .data


SECTION ALLOCATION MAP

 output                                  attributes/
section   page    origin      length       input sections
--------  ----  ----------  ----------   ----------------
.intvecs   0    00000000    0000026c     
                  00000000    0000026c     tm4c1231h6pm_startup_ccs.obj (.intvecs)

.text      0    0000026c    00000524     
                  0000026c    000001c4     port.obj (.text)
                  00000430    000000f0     SysCtr.obj (.text)
                  00000520    000000a0     dio.obj (.text)
                  000005c0    0000009c     rtsv7M4_T_le_v4SPD16_eabi.lib : memcpy_t2.asm.obj (.text)
                  0000065c    00000068                                   : copy_decompress_lzss.c.obj (.text:decompress:lzss:__TI_decompress_lzss)
                  000006c4    00000044                                   : autoinit.c.obj (.text:__TI_auto_init_nobinit_nopinit:__TI_auto_init_nobinit_nopinit)
                  00000708    00000038                                   : boot_cortex_m.c.obj (.text:_c_int00_noargs:_c_int00_noargs)
                  00000740    00000024     lab_00_dio.obj (.text)
                  00000764    0000000e     rtsv7M4_T_le_v4SPD16_eabi.lib : copy_decompress_none.c.obj (.text:decompress:none:__TI_decompress_none)
                  00000772    0000000c     tm4c1231h6pm_startup_ccs.obj (.text)
                  0000077e    0000000a     main.obj (.text)
                  00000788    00000004     rtsv7M4_T_le_v4SPD16_eabi.lib : pre_init.c.obj (.text:_system_pre_init)
                  0000078c    00000004                                   : exit.c.obj (.text:abort:abort)

.cinit     0    00000790    000000b8     
                  00000790    000000a5     (.cinit..data.load) [load image, compression = lzss]
                  00000835    00000003     --HOLE-- [fill = 0]
                  00000838    00000008     (__TI_handler_table)
                  00000840    00000008     (__TI_cinit_table)

.init_array 
*          0    00000000    00000000     UNINITIALIZED

.data      0    20000200    0000012d     UNINITIALIZED
                  20000200    0000012d     port_lcfg.obj (.data:PortCfgArr)

.stack     0    20000000    00000200     UNINITIALIZED
                  20000000    00000004     rtsv7M4_T_le_v4SPD16_eabi.lib : boot_cortex_m.c.obj (.stack)
                  20000004    000001fc     --HOLE--

MODULE SUMMARY

       Module                         code   ro data   rw data
       ------                         ----   -------   -------
    .\
       tm4c1231h6pm_startup_ccs.obj   12     620       0      
       main.obj                       10     0         0      
    +--+------------------------------+------+---------+---------+
       Total:                         22     620       0      
                                                              
    .\appl\
       lab_00_dio.obj                 36     0         0      
    +--+------------------------------+------+---------+---------+
       Total:                         36     0         0      
                                                              
    .\config\
       port_lcfg.obj                  0      0         301    
    +--+------------------------------+------+---------+---------+
       Total:                         0      0         301    
                                                              
    .\mcal\dio\
       dio.obj                        160    0         0      
    +--+------------------------------+------+---------+---------+
       Total:                         160    0         0      
                                                              
    .\mcal\port_driver\
       port.obj                       452    0         0      
    +--+------------------------------+------+---------+---------+
       Total:                         452    0         0      
                                                              
    .\mcal\sys_ctr\
       SysCtr.obj                     240    0         0      
    +--+------------------------------+------+---------+---------+
       Total:                         240    0         0      
                                                              
    C:\ti\ccsv8\tools\compiler\ti-cgt-arm_18.1.4.LTS\lib\rtsv7M4_T_le_v4SPD16_eabi.lib
       memcpy_t2.asm.obj              156    0         0      
       copy_decompress_lzss.c.obj     104    0         0      
       autoinit.c.obj                 68     0         0      
       boot_cortex_m.c.obj            56     0         0      
       copy_decompress_none.c.obj     14     0         0      
       exit.c.obj                     4      0         0      
       pre_init.c.obj                 4      0         0      
    +--+------------------------------+------+---------+---------+
       Total:                         406    0         0      
                                                              
       Stack:                         0      0         512    
       Linker Generated:              0      181       0      
    +--+------------------------------+------+---------+---------+
       Grand Total:                   1316   801       813    


LINKER GENERATED COPY TABLES

__TI_cinit_table @ 00000840 records: 1, size/record: 8, table size: 8
	.data: load addr=00000790, load size=000000a5 bytes, run addr=20000200, run size=0000012d bytes, compression=lzss


LINKER GENERATED HANDLER TABLE

__TI_handler_table @ 00000838 records: 2, size/record: 4, table size: 8
	index: 0, handler: __TI_decompress_lzss
	index: 1, handler: __TI_decompress_none


GLOBAL SYMBOLS: SORTED ALPHABETICALLY BY Name 

address   name                          
-------   ----                          
0000078d  C$$EXIT                       
000005a9  Dio_FlipChannel               
000005b5  Dio_FlipPort                  
00000521  Dio_ReadChannel               
00000589  Dio_ReadPort                  
00000555  Dio_WriteChannel              
00000599  Dio_WritePort                 
0000026d  PORT_init                     
20000200  PortCfgArr                    
00000773  ResetISR                      
00000431  SysCtr_init                   
20000200  __STACK_END                   
00000200  __STACK_SIZE                  
20000200  __STACK_TOP                   
00000840  __TI_CINIT_Base               
00000848  __TI_CINIT_Limit              
00000838  __TI_Handler_Table_Base       
00000840  __TI_Handler_Table_Limit      
000006c5  __TI_auto_init_nobinit_nopinit
0000065d  __TI_decompress_lzss          
00000765  __TI_decompress_none          
ffffffff  __TI_pprof_out_hndl           
ffffffff  __TI_prof_data_size           
ffffffff  __TI_prof_data_start          
00000000  __TI_static_base__            
000005c1  __aeabi_memcpy                
000005c1  __aeabi_memcpy4               
000005c1  __aeabi_memcpy8               
ffffffff  __binit__                     
ffffffff  __c_args__                    
UNDEFED   __mpu_init                    
20000000  __stack                       
00000709  _c_int00_noargs               
UNDEFED   _system_post_cinit            
00000789  _system_pre_init              
0000078d  abort                         
ffffffff  binit                         
00000000  g_pfnVectors                  
00000741  lab_00_dio                    
0000077f  main                          
000005c1  memcpy                        


GLOBAL SYMBOLS: SORTED BY Symbol Address 

address   name                          
-------   ----                          
00000000  __TI_static_base__            
00000000  g_pfnVectors                  
00000200  __STACK_SIZE                  
0000026d  PORT_init                     
00000431  SysCtr_init                   
00000521  Dio_ReadChannel               
00000555  Dio_WriteChannel              
00000589  Dio_ReadPort                  
00000599  Dio_WritePort                 
000005a9  Dio_FlipChannel               
000005b5  Dio_FlipPort                  
000005c1  __aeabi_memcpy                
000005c1  __aeabi_memcpy4               
000005c1  __aeabi_memcpy8               
000005c1  memcpy                        
0000065d  __TI_decompress_lzss          
000006c5  __TI_auto_init_nobinit_nopinit
00000709  _c_int00_noargs               
00000741  lab_00_dio                    
00000765  __TI_decompress_none          
00000773  ResetISR                      
0000077f  main                          
00000789  _system_pre_init              
0000078d  C$$EXIT                       
0000078d  abort                         
00000838  __TI_Handler_Table_Base       
00000840  __TI_CINIT_Base               
00000840  __TI_Handler_Table_Limit      
00000848  __TI_CINIT_Limit              
20000000  __stack                       
20000200  PortCfgArr                    
20000200  __STACK_END                   
20000200  __STACK_TOP                   
ffffffff  __TI_pprof_out_hndl           
ffffffff  __TI_prof_data_size           
ffffffff  __TI_prof_data_start          
ffffffff  __binit__                     
ffffffff  __c_args__                    
ffffffff  binit                         
UNDEFED   __mpu_init                    
UNDEFED   _system_post_cinit            

[41 symbols]
